// Jest Snapshot v1, https://goo.gl/fbAQLP

exports[`<DefinitionBox /> 1`] = `undefined`;
