// Jest Snapshot v1, https://goo.gl/fbAQLP

exports[`testing input component <Input /> 1`] = `undefined`;
