// Jest Snapshot v1, https://goo.gl/fbAQLP

exports[`<SavedWords /> 1`] = `undefined`;
