// Jest Snapshot v1, https://goo.gl/fbAQLP

exports[`<Definition /> 1`] = `undefined`;
