// Jest Snapshot v1, https://goo.gl/fbAQLP

exports[`<Favorites /> 1`] = `undefined`;
